Archive member included to satisfy reference by file (symbol)

c:/users/lars/.eclipse/com.st.stm32cube.ide.mcu.rcp.product_1.10.1_466352628_win32_win32_x86_64/plugins/com.st.stm32cube.ide.mcu.externaltools.gnu-tools-for-stm32.10.3-2021.10.win32_1.0.100.202210260954/tools/bin/../lib/gcc/arm-none-eabi/10.3.1/../../../../arm-none-eabi/lib/thumb/v7e-m+fp/hard\libc_nano.a(lib_a-errno.o)
                              ./Core/Src/syscalls.o (__errno)
c:/users/lars/.eclipse/com.st.stm32cube.ide.mcu.rcp.product_1.10.1_466352628_win32_win32_x86_64/plugins/com.st.stm32cube.ide.mcu.externaltools.gnu-tools-for-stm32.10.3-2021.10.win32_1.0.100.202210260954/tools/bin/../lib/gcc/arm-none-eabi/10.3.1/../../../../arm-none-eabi/lib/thumb/v7e-m+fp/hard\libc_nano.a(lib_a-exit.o)
                              c:/users/lars/.eclipse/com.st.stm32cube.ide.mcu.rcp.product_1.10.1_466352628_win32_win32_x86_64/plugins/com.st.stm32cube.ide.mcu.externaltools.gnu-tools-for-stm32.10.3-2021.10.win32_1.0.100.202210260954/tools/bin/../lib/gcc/arm-none-eabi/10.3.1/../../../../arm-none-eabi/lib/thumb/v7e-m+fp/hard/crt0.o (exit)
c:/users/lars/.eclipse/com.st.stm32cube.ide.mcu.rcp.product_1.10.1_466352628_win32_win32_x86_64/plugins/com.st.stm32cube.ide.mcu.externaltools.gnu-tools-for-stm32.10.3-2021.10.win32_1.0.100.202210260954/tools/bin/../lib/gcc/arm-none-eabi/10.3.1/../../../../arm-none-eabi/lib/thumb/v7e-m+fp/hard\libc_nano.a(lib_a-impure.o)
                              c:/users/lars/.eclipse/com.st.stm32cube.ide.mcu.rcp.product_1.10.1_466352628_win32_win32_x86_64/plugins/com.st.stm32cube.ide.mcu.externaltools.gnu-tools-for-stm32.10.3-2021.10.win32_1.0.100.202210260954/tools/bin/../lib/gcc/arm-none-eabi/10.3.1/../../../../arm-none-eabi/lib/thumb/v7e-m+fp/hard\libc_nano.a(lib_a-exit.o) (_global_impure_ptr)
c:/users/lars/.eclipse/com.st.stm32cube.ide.mcu.rcp.product_1.10.1_466352628_win32_win32_x86_64/plugins/com.st.stm32cube.ide.mcu.externaltools.gnu-tools-for-stm32.10.3-2021.10.win32_1.0.100.202210260954/tools/bin/../lib/gcc/arm-none-eabi/10.3.1/../../../../arm-none-eabi/lib/thumb/v7e-m+fp/hard\libc_nano.a(lib_a-init.o)
                              c:/users/lars/.eclipse/com.st.stm32cube.ide.mcu.rcp.product_1.10.1_466352628_win32_win32_x86_64/plugins/com.st.stm32cube.ide.mcu.externaltools.gnu-tools-for-stm32.10.3-2021.10.win32_1.0.100.202210260954/tools/bin/../lib/gcc/arm-none-eabi/10.3.1/../../../../arm-none-eabi/lib/thumb/v7e-m+fp/hard/crt0.o (__libc_init_array)
c:/users/lars/.eclipse/com.st.stm32cube.ide.mcu.rcp.product_1.10.1_466352628_win32_win32_x86_64/plugins/com.st.stm32cube.ide.mcu.externaltools.gnu-tools-for-stm32.10.3-2021.10.win32_1.0.100.202210260954/tools/bin/../lib/gcc/arm-none-eabi/10.3.1/../../../../arm-none-eabi/lib/thumb/v7e-m+fp/hard\libc_nano.a(lib_a-memset.o)
                              c:/users/lars/.eclipse/com.st.stm32cube.ide.mcu.rcp.product_1.10.1_466352628_win32_win32_x86_64/plugins/com.st.stm32cube.ide.mcu.externaltools.gnu-tools-for-stm32.10.3-2021.10.win32_1.0.100.202210260954/tools/bin/../lib/gcc/arm-none-eabi/10.3.1/../../../../arm-none-eabi/lib/thumb/v7e-m+fp/hard/crt0.o (memset)
c:/users/lars/.eclipse/com.st.stm32cube.ide.mcu.rcp.product_1.10.1_466352628_win32_win32_x86_64/plugins/com.st.stm32cube.ide.mcu.externaltools.gnu-tools-for-stm32.10.3-2021.10.win32_1.0.100.202210260954/tools/bin/../lib/gcc/arm-none-eabi/10.3.1/../../../../arm-none-eabi/lib/thumb/v7e-m+fp/hard\libc_nano.a(lib_a-strlen.o)
                              ./Core/Src/fonts.o (strlen)
c:/users/lars/.eclipse/com.st.stm32cube.ide.mcu.rcp.product_1.10.1_466352628_win32_win32_x86_64/plugins/com.st.stm32cube.ide.mcu.externaltools.gnu-tools-for-stm32.10.3-2021.10.win32_1.0.100.202210260954/tools/bin/../lib/gcc/arm-none-eabi/10.3.1/thumb/v7e-m+fp/hard\libgcc.a(_aeabi_uldivmod.o)
                              ./Drivers/STM32F4xx_HAL_Driver/Src/stm32f4xx_hal_rcc.o (__aeabi_uldivmod)
c:/users/lars/.eclipse/com.st.stm32cube.ide.mcu.rcp.product_1.10.1_466352628_win32_win32_x86_64/plugins/com.st.stm32cube.ide.mcu.externaltools.gnu-tools-for-stm32.10.3-2021.10.win32_1.0.100.202210260954/tools/bin/../lib/gcc/arm-none-eabi/10.3.1/thumb/v7e-m+fp/hard\libgcc.a(_udivmoddi4.o)
                              c:/users/lars/.eclipse/com.st.stm32cube.ide.mcu.rcp.product_1.10.1_466352628_win32_win32_x86_64/plugins/com.st.stm32cube.ide.mcu.externaltools.gnu-tools-for-stm32.10.3-2021.10.win32_1.0.100.202210260954/tools/bin/../lib/gcc/arm-none-eabi/10.3.1/thumb/v7e-m+fp/hard\libgcc.a(_aeabi_uldivmod.o) (__udivmoddi4)
c:/users/lars/.eclipse/com.st.stm32cube.ide.mcu.rcp.product_1.10.1_466352628_win32_win32_x86_64/plugins/com.st.stm32cube.ide.mcu.externaltools.gnu-tools-for-stm32.10.3-2021.10.win32_1.0.100.202210260954/tools/bin/../lib/gcc/arm-none-eabi/10.3.1/thumb/v7e-m+fp/hard\libgcc.a(_dvmd_tls.o)
[...]
Memory Configuration

Name             Origin             Length             Attributes
RAM              0x0000000020000000 0x0000000000020000 xrw
FLASH            0x0000000008000000 0x0000000000080000 xr
*default*        0x0000000000000000 0xffffffffffffffff

Linker script and memory map

LOAD c:/users/lars/.eclipse/com.st.stm32cube.ide.mcu.rcp.product_1.10.1_466352628_win32_win32_x86_64/plugins/com.st.stm32cube.ide.mcu.externaltools.gnu-tools-for-stm32.10.3-2021.10.win32_1.0.100.202210260954/tools/bin/../lib/gcc/arm-none-eabi/10.3.1/thumb/v7e-m+fp/hard/crti.o
LOAD c:/users/lars/.eclipse/com.st.stm32cube.ide.mcu.rcp.product_1.10.1_466352628_win32_win32_x86_64/plugins/com.st.stm32cube.ide.mcu.externaltools.gnu-tools-for-stm32.10.3-2021.10.win32_1.0.100.202210260954/tools/bin/../lib/gcc/arm-none-eabi/10.3.1/thumb/v7e-m+fp/hard/crtbegin.o
LOAD c:/users/lars/.eclipse/com.st.stm32cube.ide.mcu.rcp.product_1.10.1_466352628_win32_win32_x86_64/plugins/com.st.stm32cube.ide.mcu.externaltools.gnu-tools-for-stm32.10.3-2021.10.win32_1.0.100.202210260954/tools/bin/../lib/gcc/arm-none-eabi/10.3.1/../../../../arm-none-eabi/lib/thumb/v7e-m+fp/hard/crt0.o
LOAD ./Core/Src/SSD1306.o
LOAD ./Core/Src/SSD1306I2C.o
LOAD ./Core/Src/fonts.o
LOAD ./Core/Src/main.o
LOAD ./Core/Src/stm32f4xx_hal_msp.o
LOAD ./Core/Src/stm32f4xx_it.o
LOAD ./Core/Src/syscalls.o
LOAD ./Core/Src/sysmem.o
LOAD ./Core/Src/system_stm32f4xx.o
LOAD ./Core/Startup/startup_stm32f411retx.o
LOAD ./Drivers/STM32F4xx_HAL_Driver/Src/stm32f4xx_hal.o
LOAD ./Drivers/STM32F4xx_HAL_Driver/Src/stm32f4xx_hal_cortex.o
LOAD ./Drivers/STM32F4xx_HAL_Driver/Src/stm32f4xx_hal_dma.o
LOAD ./Drivers/STM32F4xx_HAL_Driver/Src/stm32f4xx_hal_dma_ex.o
LOAD ./Drivers/STM32F4xx_HAL_Driver/Src/stm32f4xx_hal_exti.o
LOAD ./Drivers/STM32F4xx_HAL_Driver/Src/stm32f4xx_hal_flash.o
LOAD ./Drivers/STM32F4xx_HAL_Driver/Src/stm32f4xx_hal_flash_ex.o
LOAD ./Drivers/STM32F4xx_HAL_Driver/Src/stm32f4xx_hal_flash_ramfunc.o
LOAD ./Drivers/STM32F4xx_HAL_Driver/Src/stm32f4xx_hal_gpio.o
LOAD ./Drivers/STM32F4xx_HAL_Driver/Src/stm32f4xx_hal_i2c.o
LOAD ./Drivers/STM32F4xx_HAL_Driver/Src/stm32f4xx_hal_i2c_ex.o
LOAD ./Drivers/STM32F4xx_HAL_Driver/Src/stm32f4xx_hal_pwr.o
LOAD ./Drivers/STM32F4xx_HAL_Driver/Src/stm32f4xx_hal_pwr_ex.o
LOAD ./Drivers/STM32F4xx_HAL_Driver/Src/stm32f4xx_hal_rcc.o
LOAD ./Drivers/STM32F4xx_HAL_Driver/Src/stm32f4xx_hal_rcc_ex.o
LOAD ./Drivers/STM32F4xx_HAL_Driver/Src/stm32f4xx_hal_tim.o
LOAD ./Drivers/STM32F4xx_HAL_Driver/Src/stm32f4xx_hal_tim_ex.o
LOAD ./Drivers/STM32F4xx_HAL_Driver/Src/stm32f4xx_hal_uart.o
START GROUP
LOAD c:/users/lars/.eclipse/com.st.stm32cube.ide.mcu.rcp.product_1.10.1_466352628_win32_win32_x86_64/plugins/com.st.stm32cube.ide.mcu.externaltools.gnu-tools-for-stm32.10.3-2021.10.win32_1.0.100.202210260954/tools/bin/../lib/gcc/arm-none-eabi/10.3.1/../../../../arm-none-eabi/lib/thumb/v7e-m+fp/hard\libstdc++_nano.a
LOAD c:/users/lars/.eclipse/com.st.stm32cube.ide.mcu.rcp.product_1.10.1_466352628_win32_win32_x86_64/plugins/com.st.stm32cube.ide.mcu.externaltools.gnu-tools-for-stm32.10.3-2021.10.win32_1.0.100.202210260954/tools/bin/../lib/gcc/arm-none-eabi/10.3.1/../../../../arm-none-eabi/lib/thumb/v7e-m+fp/hard\libsupc++_nano.a
END GROUP
LOAD c:/users/lars/.eclipse/com.st.stm32cube.ide.mcu.rcp.product_1.10.1_466352628_win32_win32_x86_64/plugins/com.st.stm32cube.ide.mcu.externaltools.gnu-tools-for-stm32.10.3-2021.10.win32_1.0.100.202210260954/tools/bin/../lib/gcc/arm-none-eabi/10.3.1/../../../../arm-none-eabi/lib/thumb/v7e-m+fp/hard\libstdc++_nano.a
LOAD c:/users/lars/.eclipse/com.st.stm32cube.ide.mcu.rcp.product_1.10.1_466352628_win32_win32_x86_64/plugins/com.st.stm32cube.ide.mcu.externaltools.gnu-tools-for-stm32.10.3-2021.10.win32_1.0.100.202210260954/tools/bin/../lib/gcc/arm-none-eabi/10.3.1/../../../../arm-none-eabi/lib/thumb/v7e-m+fp/hard\libm.a
LOAD c:/users/lars/.eclipse/com.st.stm32cube.ide.mcu.rcp.product_1.10.1_466352628_win32_win32_x86_64/plugins/com.st.stm32cube.ide.mcu.externaltools.gnu-tools-for-stm32.10.3-2021.10.win32_1.0.100.202210260954/tools/bin/../lib/gcc/arm-none-eabi/10.3.1/../../../../arm-none-eabi/lib/thumb/v7e-m+fp/hard\libc_nano.a
START GROUP
LOAD c:/users/lars/.eclipse/com.st.stm32cube.ide.mcu.rcp.product_1.10.1_466352628_win32_win32_x86_64/plugins/com.st.stm32cube.ide.mcu.externaltools.gnu-tools-for-stm32.10.3-2021.10.win32_1.0.100.202210260954/tools/bin/../lib/gcc/arm-none-eabi/10.3.1/thumb/v7e-m+fp/hard\libgcc.a
LOAD c:/users/lars/.eclipse/com.st.stm32cube.ide.mcu.rcp.product_1.10.1_466352628_win32_win32_x86_64/plugins/com.st.stm32cube.ide.mcu.externaltools.gnu-tools-for-stm32.10.3-2021.10.win32_1.0.100.202210260954/tools/bin/../lib/gcc/arm-none-eabi/10.3.1/../../../../arm-none-eabi/lib/thumb/v7e-m+fp/hard\libc_nano.a
END GROUP
START GROUP
LOAD c:/users/lars/.eclipse/com.st.stm32cube.ide.mcu.rcp.product_1.10.1_466352628_win32_win32_x86_64/plugins/com.st.stm32cube.ide.mcu.externaltools.gnu-tools-for-stm32.10.3-2021.10.win32_1.0.100.202210260954/tools/bin/../lib/gcc/arm-none-eabi/10.3.1/thumb/v7e-m+fp/hard\libgcc.a
LOAD c:/users/lars/.eclipse/com.st.stm32cube.ide.mcu.rcp.product_1.10.1_466352628_win32_win32_x86_64/plugins/com.st.stm32cube.ide.mcu.externaltools.gnu-tools-for-stm32.10.3-2021.10.win32_1.0.100.202210260954/tools/bin/../lib/gcc/arm-none-eabi/10.3.1/../../../../arm-none-eabi/lib/thumb/v7e-m+fp/hard\libc_nano.a
LOAD c:/users/lars/.eclipse/com.st.stm32cube.ide.mcu.rcp.product_1.10.1_466352628_win32_win32_x86_64/plugins/com.st.stm32cube.ide.mcu.externaltools.gnu-tools-for-stm32.10.3-2021.10.win32_1.0.100.202210260954/tools/bin/../lib/gcc/arm-none-eabi/10.3.1/../../../../arm-none-eabi/lib/thumb/v7e-m+fp/hard\libnosys.a
END GROUP
START GROUP
LOAD c:/users/lars/.eclipse/com.st.stm32cube.ide.mcu.rcp.product_1.10.1_466352628_win32_win32_x86_64/plugins/com.st.stm32cube.ide.mcu.externaltools.gnu-tools-for-stm32.10.3-2021.10.win32_1.0.100.202210260954/tools/bin/../lib/gcc/arm-none-eabi/10.3.1/thumb/v7e-m+fp/hard\libgcc.a
LOAD c:/users/lars/.eclipse/com.st.stm32cube.ide.mcu.rcp.product_1.10.1_466352628_win32_win32_x86_64/plugins/com.st.stm32cube.ide.mcu.externaltools.gnu-tools-for-stm32.10.3-2021.10.win32_1.0.100.202210260954/tools/bin/../lib/gcc/arm-none-eabi/10.3.1/../../../../arm-none-eabi/lib/thumb/v7e-m+fp/hard\libc_nano.a
LOAD c:/users/lars/.eclipse/com.st.stm32cube.ide.mcu.rcp.product_1.10.1_466352628_win32_win32_x86_64/plugins/com.st.stm32cube.ide.mcu.externaltools.gnu-tools-for-stm32.10.3-2021.10.win32_1.0.100.202210260954/tools/bin/../lib/gcc/arm-none-eabi/10.3.1/../../../../arm-none-eabi/lib/thumb/v7e-m+fp/hard\libnosys.a
END GROUP
LOAD c:/users/lars/.eclipse/com.st.stm32cube.ide.mcu.rcp.product_1.10.1_466352628_win32_win32_x86_64/plugins/com.st.stm32cube.ide.mcu.externaltools.gnu-tools-for-stm32.10.3-2021.10.win32_1.0.100.202210260954/tools/bin/../lib/gcc/arm-none-eabi/10.3.1/thumb/v7e-m+fp/hard/crtend.o
LOAD c:/users/lars/.eclipse/com.st.stm32cube.ide.mcu.rcp.product_1.10.1_466352628_win32_win32_x86_64/plugins/com.st.stm32cube.ide.mcu.externaltools.gnu-tools-for-stm32.10.3-2021.10.win32_1.0.100.202210260954/tools/bin/../lib/gcc/arm-none-eabi/10.3.1/thumb/v7e-m+fp/hard/crtn.o
                0x0000000020020000                _estack = (ORIGIN (RAM) + LENGTH (RAM))
                0x0000000000000200                _Min_Heap_Size = 0x200
                0x0000000000000400                _Min_Stack_Size = 0x400

.isr_vector     0x0000000008000000      0x198
                0x0000000008000000                . = ALIGN (0x4)
 *(.isr_vector)
 .isr_vector    0x0000000008000000      0x198 ./Core/Startup/startup_stm32f411retx.o
                0x0000000008000000                g_pfnVectors
                0x0000000008000198                . = ALIGN (0x4)

.text           0x0000000008000198     0x2e8c
                0x0000000008000198                . = ALIGN (0x4)
 *(.text)
 .text          0x0000000008000198       0x40 c:/users/lars/.eclipse/com.st.stm32cube.ide.mcu.rcp.product_1.10.1_466352628_win32_win32_x86_64/plugins/com.st.stm32cube.ide.mcu.externaltools.gnu-tools-for-stm32.10.3-2021.10.win32_1.0.100.202210260954/tools/bin/../lib/gcc/arm-none-eabi/10.3.1/thumb/v7e-m+fp/hard/crtbegin.o
 .text          0x00000000080001d8       0x30 c:/users/lars/.eclipse/com.st.stm32cube.ide.mcu.rcp.product_1.10.1_466352628_win32_win32_x86_64/plugins/com.st.stm32cube.ide.mcu.externaltools.gnu-tools-for-stm32.10.3-2021.10.win32_1.0.100.202210260954/tools/bin/../lib/gcc/arm-none-eabi/10.3.1/thumb/v7e-m+fp/hard\libgcc.a(_aeabi_uldivmod.o)
                0x00000000080001d8                __aeabi_uldivmod
 .text          0x0000000008000208      0x2d0 c:/users/lars/.eclipse/com.st.stm32cube.ide.mcu.rcp.product_1.10.1_466352628_win32_win32_x86_64/plugins/com.st.stm32cube.ide.mcu.externaltools.gnu-tools-for-stm32.10.3-2021.10.win32_1.0.100.202210260954/tools/bin/../lib/gcc/arm-none-eabi/10.3.1/thumb/v7e-m+fp/hard\libgcc.a(_udivmoddi4.o)
                0x0000000008000208                __udivmoddi4
 .text          0x00000000080004d8        0x4 c:/users/lars/.eclipse/com.st.stm32cube.ide.mcu.rcp.product_1.10.1_466352628_win32_win32_x86_64/plugins/com.st.stm32cube.ide.mcu.externaltools.gnu-tools-for-stm32.10.3-2021.10.win32_1.0.100.202210260954/tools/bin/../lib/gcc/arm-none-eabi/10.3.1/thumb/v7e-m+fp/hard\libgcc.a(_dvmd_tls.o)
                0x00000000080004d8                __aeabi_idiv0
                0x00000000080004d8                __aeabi_ldiv0
 *(.text*)
 .text._ZN7SSD1306C2Ev
                0x00000000080004dc       0x2a ./Core/Src/SSD1306.o
                0x00000000080004dc                SSD1306::SSD1306()
                0x00000000080004dc                SSD1306::SSD1306()
 *fill*         0x0000000008000506        0x2 
 .text._ZN7SSD130612SSD1306_InitEv
                0x0000000008000508      0x1ac ./Core/Src/SSD1306.o
                0x0000000008000508                SSD1306::SSD1306_Init()
 .text._ZN7SSD130612SSD1306_FillE15SSD1306_COLOR_t
                0x00000000080006b4       0x30 ./Core/Src/SSD1306.o
                0x00000000080006b4                SSD1306::SSD1306_Fill(SSD1306_COLOR_t)
 .text._ZN7SSD130620SSD1306_UpdateScreenEv
                0x00000000080006e4       0x64 ./Core/Src/SSD1306.o
                0x00000000080006e4                SSD1306::SSD1306_UpdateScreen()
 .text._ZN7SSD130614SSD1306_GotoXYEtt
                0x0000000008000748       0x28 ./Core/Src/SSD1306.o
                0x0000000008000748                SSD1306::SSD1306_GotoXY(unsigned short, unsigned short)
 .text._ZN7SSD130612SSD1306_PutsEPcP9FontDef_t15SSD1306_COLOR_t
                0x0000000008000770       0x54 ./Core/Src/SSD1306.o
                0x0000000008000770                SSD1306::SSD1306_Puts(char*, FontDef_t*, SSD1306_COLOR_t)
 .text._ZN7SSD130612SSD1306_PutcEcP9FontDef_t15SSD1306_COLOR_t
                0x00000000080007c4       0xfe ./Core/Src/SSD1306.o
                0x00000000080007c4                SSD1306::SSD1306_Putc(char, FontDef_t*, SSD1306_COLOR_t)
 *fill*         0x00000000080008c2        0x2 
 .text._ZN7SSD130617SSD1306_DrawPixelEtt15SSD1306_COLOR_t
                0x00000000080008c4       0xc4 ./Core/Src/SSD1306.o
                0x00000000080008c4                SSD1306::SSD1306_DrawPixel(unsigned short, unsigned short, SSD1306_COLOR_t)
 .text._ZN10SSD1306I2CC2Ev
                0x0000000008000988       0x2c ./Core/Src/SSD1306I2C.o
                0x0000000008000988                SSD1306I2C::SSD1306I2C()
                0x0000000008000988                SSD1306I2C::SSD1306I2C()
 .text._ZN10SSD1306I2C17SSD1306_I2C_WriteEhhh
                0x00000000080009b4       0x44 ./Core/Src/SSD1306I2C.o
                0x00000000080009b4                SSD1306I2C::SSD1306_I2C_Write(unsigned char, unsigned char, unsigned char)
 .text._ZN10SSD1306I2C22SSD1306_I2C_WriteMultiEhhPht
                0x00000000080009f8       0xbc ./Core/Src/SSD1306I2C.o
                0x00000000080009f8                SSD1306I2C::SSD1306_I2C_WriteMulti(unsigned char, unsigned char, unsigned char*, unsigned short)
 .text.main     0x0000000008000ab4       0x54 ./Core/Src/main.o
                0x0000000008000ab4                main
 .text._Z18SystemClock_Configv
                0x0000000008000b08       0xe8 ./Core/Src/main.o
                0x0000000008000b08                SystemClock_Config()
 .text._ZL12MX_I2C1_Initv
                0x0000000008000bf0       0x68 ./Core/Src/main.o
 .text._ZL19MX_USART2_UART_Initv
                0x0000000008000c58       0x5c ./Core/Src/main.o
 .text._ZL12MX_GPIO_Initv
                0x0000000008000cb4       0xdc ./Core/Src/main.o
 .text.Error_Handler
                0x0000000008000d90        0xa ./Core/Src/main.o
                0x0000000008000d90                Error_Handler
 *fill*         0x0000000008000d9a        0x2 
 .text.HAL_MspInit
                0x0000000008000d9c       0x50 ./Core/Src/stm32f4xx_hal_msp.o
                0x0000000008000d9c                HAL_MspInit
 .text.HAL_I2C_MspInit
                0x0000000008000dec       0x90 ./Core/Src/stm32f4xx_hal_msp.o
                0x0000000008000dec                HAL_I2C_MspInit
 .text.HAL_UART_MspInit
                0x0000000008000e7c       0x90 ./Core/Src/stm32f4xx_hal_msp.o
                0x0000000008000e7c                HAL_UART_MspInit
 .text.NMI_Handler
                0x0000000008000f0c        0x6 ./Core/Src/stm32f4xx_it.o
                0x0000000008000f0c                NMI_Handler
 .text.HardFault_Handler
                0x0000000008000f12        0x6 ./Core/Src/stm32f4xx_it.o
                0x0000000008000f12                HardFault_Handler
 .text.MemManage_Handler
                0x0000000008000f18        0x6 ./Core/Src/stm32f4xx_it.o
                0x0000000008000f18                MemManage_Handler
 .text.BusFault_Handler
                0x0000000008000f1e        0x6 ./Core/Src/stm32f4xx_it.o
                0x0000000008000f1e                BusFault_Handler
 .text.UsageFault_Handler
                0x0000000008000f24        0x6 ./Core/Src/stm32f4xx_it.o
                0x0000000008000f24                UsageFault_Handler
 .text.SVC_Handler
                0x0000000008000f2a        0xe ./Core/Src/stm32f4xx_it.o
                0x0000000008000f2a                SVC_Handler
 .text.DebugMon_Handler
                0x0000000008000f38        0xe ./Core/Src/stm32f4xx_it.o
                0x0000000008000f38                DebugMon_Handler
 .text.PendSV_Handler
                0x0000000008000f46        0xe ./Core/Src/stm32f4xx_it.o
                0x0000000008000f46                PendSV_Handler
 .text.SysTick_Handler
                0x0000000008000f54        0xc ./Core/Src/stm32f4xx_it.o
                0x0000000008000f54                SysTick_Handler
 .text.SystemInit
                0x0000000008000f60       0x24 ./Core/Src/system_stm32f4xx.o
                0x0000000008000f60                SystemInit
 .text.Reset_Handler
                0x0000000008000f84       0x50 ./Core/Startup/startup_stm32f411retx.o
                0x0000000008000f84                Reset_Handler
 .text.Default_Handler
                0x0000000008000fd4        0x2 ./Core/Startup/startup_stm32f411retx.o
                0x0000000008000fd4                RTC_Alarm_IRQHandler
                0x0000000008000fd4                EXTI2_IRQHandler
                0x0000000008000fd4                SPI4_IRQHandler
                0x0000000008000fd4                TIM1_CC_IRQHandler
                0x0000000008000fd4                DMA2_Stream5_IRQHandler
                0x0000000008000fd4                DMA1_Stream5_IRQHandler
                0x0000000008000fd4                PVD_IRQHandler
                0x0000000008000fd4                SDIO_IRQHandler
                0x0000000008000fd4                TAMP_STAMP_IRQHandler
                0x0000000008000fd4                EXTI3_IRQHandler
                0x0000000008000fd4                TIM1_UP_TIM10_IRQHandler
                0x0000000008000fd4                I2C3_ER_IRQHandler
                0x0000000008000fd4                EXTI0_IRQHandler
                0x0000000008000fd4                I2C2_EV_IRQHandler
                0x0000000008000fd4                DMA1_Stream2_IRQHandler
                0x0000000008000fd4                FPU_IRQHandler
                0x0000000008000fd4                DMA2_Stream2_IRQHandler
                0x0000000008000fd4                SPI1_IRQHandler
                0x0000000008000fd4                TIM1_BRK_TIM9_IRQHandler
                0x0000000008000fd4                DMA2_Stream3_IRQHandler
                0x0000000008000fd4                USART6_IRQHandler
                0x0000000008000fd4                DMA2_Stream0_IRQHandler
                0x0000000008000fd4                TIM4_IRQHandler
                0x0000000008000fd4                I2C1_EV_IRQHandler
                0x0000000008000fd4                DMA1_Stream6_IRQHandler
                0x0000000008000fd4                DMA1_Stream1_IRQHandler
                0x0000000008000fd4                TIM3_IRQHandler
                0x0000000008000fd4                RCC_IRQHandler
                0x0000000008000fd4                Default_Handler
                0x0000000008000fd4                EXTI15_10_IRQHandler
                0x0000000008000fd4                ADC_IRQHandler
                0x0000000008000fd4                DMA1_Stream7_IRQHandler
                0x0000000008000fd4                SPI5_IRQHandler
                0x0000000008000fd4                TIM5_IRQHandler
                0x0000000008000fd4                DMA2_Stream7_IRQHandler
                0x0000000008000fd4                I2C3_EV_IRQHandler
                0x0000000008000fd4                EXTI9_5_IRQHandler
                0x0000000008000fd4                RTC_WKUP_IRQHandler
                0x0000000008000fd4                SPI2_IRQHandler
                0x0000000008000fd4                DMA1_Stream0_IRQHandler
                0x0000000008000fd4                EXTI4_IRQHandler
                0x0000000008000fd4                WWDG_IRQHandler
                0x0000000008000fd4                TIM2_IRQHandler
                0x0000000008000fd4                OTG_FS_WKUP_IRQHandler
                0x0000000008000fd4                TIM1_TRG_COM_TIM11_IRQHandler
                0x0000000008000fd4                EXTI1_IRQHandler
                0x0000000008000fd4                USART2_IRQHandler
                0x0000000008000fd4                I2C2_ER_IRQHandler
                0x0000000008000fd4                DMA2_Stream1_IRQHandler
                0x0000000008000fd4                FLASH_IRQHandler
                0x0000000008000fd4                DMA2_Stream4_IRQHandler
                0x0000000008000fd4                USART1_IRQHandler
                0x0000000008000fd4                OTG_FS_IRQHandler
                0x0000000008000fd4                SPI3_IRQHandler
                0x0000000008000fd4                DMA1_Stream4_IRQHandler
                0x0000000008000fd4                I2C1_ER_IRQHandler
                0x0000000008000fd4                DMA2_Stream6_IRQHandler
                0x0000000008000fd4                DMA1_Stream3_IRQHandler
 *fill*         0x0000000008000fd6        0x2 
 .text.HAL_Init
                0x0000000008000fd8       0x44 ./Drivers/STM32F4xx_HAL_Driver/Src/stm32f4xx_hal.o
                0x0000000008000fd8                HAL_Init
 .text.HAL_InitTick
                0x000000000800101c       0x60 ./Drivers/STM32F4xx_HAL_Driver/Src/stm32f4xx_hal.o
                0x000000000800101c                HAL_InitTick
 .text.HAL_IncTick
                0x000000000800107c       0x28 ./Drivers/STM32F4xx_HAL_Driver/Src/stm32f4xx_hal.o
                0x000000000800107c                HAL_IncTick
 .text.HAL_GetTick
                0x00000000080010a4       0x18 ./Drivers/STM32F4xx_HAL_Driver/Src/stm32f4xx_hal.o
                0x00000000080010a4                HAL_GetTick
 .text.HAL_Delay
                0x00000000080010bc       0x48 ./Drivers/STM32F4xx_HAL_Driver/Src/stm32f4xx_hal.o
                0x00000000080010bc                HAL_Delay
 .text.__NVIC_SetPriorityGrouping
                0x0000000008001104       0x48 ./Drivers/STM32F4xx_HAL_Driver/Src/stm32f4xx_hal_cortex.o
 .text.__NVIC_GetPriorityGrouping
                0x000000000800114c       0x1c ./Drivers/STM32F4xx_HAL_Driver/Src/stm32f4xx_hal_cortex.o
 .text.__NVIC_SetPriority
                0x0000000008001168       0x54 ./Drivers/STM32F4xx_HAL_Driver/Src/stm32f4xx_hal_cortex.o
 .text.NVIC_EncodePriority
                0x00000000080011bc       0x66 ./Drivers/STM32F4xx_HAL_Driver/Src/stm32f4xx_hal_cortex.o
 *fill*         0x0000000008001222        0x2 
 .text.SysTick_Config
                0x0000000008001224       0x44 ./Drivers/STM32F4xx_HAL_Driver/Src/stm32f4xx_hal_cortex.o
 .text.HAL_NVIC_SetPriorityGrouping
                0x0000000008001268       0x16 ./Drivers/STM32F4xx_HAL_Driver/Src/stm32f4xx_hal_cortex.o
                0x0000000008001268                HAL_NVIC_SetPriorityGrouping
 .text.HAL_NVIC_SetPriority
                0x000000000800127e       0x38 ./Drivers/STM32F4xx_HAL_Driver/Src/stm32f4xx_hal_cortex.o
                0x000000000800127e                HAL_NVIC_SetPriority
 .text.HAL_SYSTICK_Config
                0x00000000080012b6       0x18 ./Drivers/STM32F4xx_HAL_Driver/Src/stm32f4xx_hal_cortex.o
                0x00000000080012b6                HAL_SYSTICK_Config
 *fill*         0x00000000080012ce        0x2 
 .text.HAL_GPIO_Init
                0x00000000080012d0      0x308 ./Drivers/STM32F4xx_HAL_Driver/Src/stm32f4xx_hal_gpio.o
                0x00000000080012d0                HAL_GPIO_Init
 .text.HAL_GPIO_WritePin
                0x00000000080015d8       0x32 ./Drivers/STM32F4xx_HAL_Driver/Src/stm32f4xx_hal_gpio.o
                0x00000000080015d8                HAL_GPIO_WritePin
 *fill*         0x000000000800160a        0x2 
 .text.HAL_I2C_Init
                0x000000000800160c      0x288 ./Drivers/STM32F4xx_HAL_Driver/Src/stm32f4xx_hal_i2c.o
                0x000000000800160c                HAL_I2C_Init
 .text.HAL_I2C_Master_Transmit
                0x0000000008001894      0x1fc ./Drivers/STM32F4xx_HAL_Driver/Src/stm32f4xx_hal_i2c.o
                0x0000000008001894                HAL_I2C_Master_Transmit
 .text.HAL_I2C_IsDeviceReady
                0x0000000008001a90      0x25c ./Drivers/STM32F4xx_HAL_Driver/Src/stm32f4xx_hal_i2c.o
                0x0000000008001a90                HAL_I2C_IsDeviceReady
 .text.I2C_MasterRequestWrite
                0x0000000008001cec      0x104 ./Drivers/STM32F4xx_HAL_Driver/Src/stm32f4xx_hal_i2c.o
 .text.I2C_WaitOnFlagUntilTimeout
                0x0000000008001df0       0xae ./Drivers/STM32F4xx_HAL_Driver/Src/stm32f4xx_hal_i2c.o
 .text.I2C_WaitOnMasterAddressFlagUntilTimeout
                0x0000000008001e9e       0xfe ./Drivers/STM32F4xx_HAL_Driver/Src/stm32f4xx_hal_i2c.o
 .text.I2C_WaitOnTXEFlagUntilTimeout
                0x0000000008001f9c       0x82 ./Drivers/STM32F4xx_HAL_Driver/Src/stm32f4xx_hal_i2c.o
 .text.I2C_WaitOnBTFFlagUntilTimeout
                0x000000000800201e       0x82 ./Drivers/STM32F4xx_HAL_Driver/Src/stm32f4xx_hal_i2c.o
 .text.I2C_IsAcknowledgeFailed
                0x00000000080020a0       0x5e ./Drivers/STM32F4xx_HAL_Driver/Src/stm32f4xx_hal_i2c.o
 *fill*         0x00000000080020fe        0x2 
 .text.HAL_RCC_OscConfig
                0x0000000008002100      0x4f0 ./Drivers/STM32F4xx_HAL_Driver/Src/stm32f4xx_hal_rcc.o
                0x0000000008002100                HAL_RCC_OscConfig
 .text.HAL_RCC_ClockConfig
                0x00000000080025f0      0x1cc ./Drivers/STM32F4xx_HAL_Driver/Src/stm32f4xx_hal_rcc.o
                0x00000000080025f0                HAL_RCC_ClockConfig
 .text.HAL_RCC_GetSysClockFreq
                0x00000000080027bc      0x20c ./Drivers/STM32F4xx_HAL_Driver/Src/stm32f4xx_hal_rcc.o
                0x00000000080027bc                HAL_RCC_GetSysClockFreq
 .text.HAL_RCC_GetHCLKFreq
                0x00000000080029c8       0x18 ./Drivers/STM32F4xx_HAL_Driver/Src/stm32f4xx_hal_rcc.o
                0x00000000080029c8                HAL_RCC_GetHCLKFreq
 .text.HAL_RCC_GetPCLK1Freq
                0x00000000080029e0       0x28 ./Drivers/STM32F4xx_HAL_Driver/Src/stm32f4xx_hal_rcc.o
                0x00000000080029e0                HAL_RCC_GetPCLK1Freq
 .text.HAL_RCC_GetPCLK2Freq
                0x0000000008002a08       0x28 ./Drivers/STM32F4xx_HAL_Driver/Src/stm32f4xx_hal_rcc.o
                0x0000000008002a08                HAL_RCC_GetPCLK2Freq
 .text.HAL_UART_Init
                0x0000000008002a30       0x9a ./Drivers/STM32F4xx_HAL_Driver/Src/stm32f4xx_hal_uart.o
                0x0000000008002a30                HAL_UART_Init
 *fill*         0x0000000008002aca        0x2 
 .text.UART_SetConfig
                0x0000000008002acc      0x4e8 ./Drivers/STM32F4xx_HAL_Driver/Src/stm32f4xx_hal_uart.o
 .text.__libc_init_array
                0x0000000008002fb4       0x48 c:/users/lars/.eclipse/com.st.stm32cube.ide.mcu.rcp.product_1.10.1_466352628_win32_win32_x86_64/plugins/com.st.stm32cube.ide.mcu.externaltools.gnu-tools-for-stm32.10.3-2021.10.win32_1.0.100.202210260954/tools/bin/../lib/gcc/arm-none-eabi/10.3.1/../../../../arm-none-eabi/lib/thumb/v7e-m+fp/hard\libc_nano.a(lib_a-init.o)
                0x0000000008002fb4                __libc_init_array
 .text.memset   0x0000000008002ffc       0x10 c:/users/lars/.eclipse/com.st.stm32cube.ide.mcu.rcp.product_1.10.1_466352628_win32_win32_x86_64/plugins/com.st.stm32cube.ide.mcu.externaltools.gnu-tools-for-stm32.10.3-2021.10.win32_1.0.100.202210260954/tools/bin/../lib/gcc/arm-none-eabi/10.3.1/../../../../arm-none-eabi/lib/thumb/v7e-m+fp/hard\libc_nano.a(lib_a-memset.o)
                0x0000000008002ffc                memset
 *(.glue_7)
 .glue_7        0x000000000800300c        0x0 linker stubs
 *(.glue_7t)
 .glue_7t       0x000000000800300c        0x0 linker stubs
 *(.eh_frame)
 .eh_frame      0x000000000800300c        0x0 c:/users/lars/.eclipse/com.st.stm32cube.ide.mcu.rcp.product_1.10.1_466352628_win32_win32_x86_64/plugins/com.st.stm32cube.ide.mcu.externaltools.gnu-tools-for-stm32.10.3-2021.10.win32_1.0.100.202210260954/tools/bin/../lib/gcc/arm-none-eabi/10.3.1/thumb/v7e-m+fp/hard/crtbegin.o
 *(.init)
 .init          0x000000000800300c        0x4 c:/users/lars/.eclipse/com.st.stm32cube.ide.mcu.rcp.product_1.10.1_466352628_win32_win32_x86_64/plugins/com.st.stm32cube.ide.mcu.externaltools.gnu-tools-for-stm32.10.3-2021.10.win32_1.0.100.202210260954/tools/bin/../lib/gcc/arm-none-eabi/10.3.1/thumb/v7e-m+fp/hard/crti.o
                0x000000000800300c                _init
 .init          0x0000000008003010        0x8 c:/users/lars/.eclipse/com.st.stm32cube.ide.mcu.rcp.product_1.10.1_466352628_win32_win32_x86_64/plugins/com.st.stm32cube.ide.mcu.externaltools.gnu-tools-for-stm32.10.3-2021.10.win32_1.0.100.202210260954/tools/bin/../lib/gcc/arm-none-eabi/10.3.1/thumb/v7e-m+fp/hard/crtn.o
 *(.fini)
 .fini          0x0000000008003018        0x4 c:/users/lars/.eclipse/com.st.stm32cube.ide.mcu.rcp.product_1.10.1_466352628_win32_win32_x86_64/plugins/com.st.stm32cube.ide.mcu.externaltools.gnu-tools-for-stm32.10.3-2021.10.win32_1.0.100.202210260954/tools/bin/../lib/gcc/arm-none-eabi/10.3.1/thumb/v7e-m+fp/hard/crti.o
                0x0000000008003018                _fini
 .fini          0x000000000800301c        0x8 c:/users/lars/.eclipse/com.st.stm32cube.ide.mcu.rcp.product_1.10.1_466352628_win32_win32_x86_64/plugins/com.st.stm32cube.ide.mcu.externaltools.gnu-tools-for-stm32.10.3-2021.10.win32_1.0.100.202210260954/tools/bin/../lib/gcc/arm-none-eabi/10.3.1/thumb/v7e-m+fp/hard/crtn.o
                0x0000000008003024                . = ALIGN (0x4)
                0x0000000008003024                _etext = .

.vfp11_veneer   0x0000000008003024        0x0
 .vfp11_veneer  0x0000000008003024        0x0 linker stubs

.v4_bx          0x0000000008003024        0x0
 .v4_bx         0x0000000008003024        0x0 linker stubs

.iplt           0x0000000008003024        0x0
 .iplt          0x0000000008003024        0x0 c:/users/lars/.eclipse/com.st.stm32cube.ide.mcu.rcp.product_1.10.1_466352628_win32_win32_x86_64/plugins/com.st.stm32cube.ide.mcu.externaltools.gnu-tools-for-stm32.10.3-2021.10.win32_1.0.100.202210260954/tools/bin/../lib/gcc/arm-none-eabi/10.3.1/thumb/v7e-m+fp/hard/crtbegin.o

.rodata         0x0000000008003024      0xd7c
                0x0000000008003024                . = ALIGN (0x4)
 *(.rodata)
 .rodata        0x0000000008003024        0x6 ./Core/Src/main.o
 *(.rodata*)
 *fill*         0x000000000800302a        0x2 
 .rodata.Font11x18
                0x000000000800302c      0xd5c ./Core/Src/fonts.o
                0x000000000800302c                Font11x18
 .rodata.AHBPrescTable
                0x0000000008003d88       0x10 ./Core/Src/system_stm32f4xx.o
                0x0000000008003d88                AHBPrescTable
 .rodata.APBPrescTable
                0x0000000008003d98        0x8 ./Core/Src/system_stm32f4xx.o
                0x0000000008003d98                APBPrescTable
                0x0000000008003da0                . = ALIGN (0x4)

.ARM.extab      0x0000000008003da0        0x0
                0x0000000008003da0                . = ALIGN (0x4)
 *(.ARM.extab* .gnu.linkonce.armextab.*)
                0x0000000008003da0                . = ALIGN (0x4)

.ARM            0x0000000008003da0        0x8
                0x0000000008003da0                . = ALIGN (0x4)
                0x0000000008003da0                __exidx_start = .
 *(.ARM.exidx*)
 .ARM.exidx     0x0000000008003da0        0x8 c:/users/lars/.eclipse/com.st.stm32cube.ide.mcu.rcp.product_1.10.1_466352628_win32_win32_x86_64/plugins/com.st.stm32cube.ide.mcu.externaltools.gnu-tools-for-stm32.10.3-2021.10.win32_1.0.100.202210260954/tools/bin/../lib/gcc/arm-none-eabi/10.3.1/thumb/v7e-m+fp/hard\libgcc.a(_udivmoddi4.o)
                0x0000000008003da8                __exidx_end = .
                0x0000000008003da8                . = ALIGN (0x4)

.rel.dyn        0x0000000008003da8        0x0
 .rel.iplt      0x0000000008003da8        0x0 c:/users/lars/.eclipse/com.st.stm32cube.ide.mcu.rcp.product_1.10.1_466352628_win32_win32_x86_64/plugins/com.st.stm32cube.ide.mcu.externaltools.gnu-tools-for-stm32.10.3-2021.10.win32_1.0.100.202210260954/tools/bin/../lib/gcc/arm-none-eabi/10.3.1/thumb/v7e-m+fp/hard/crtbegin.o

.preinit_array  0x0000000008003da8        0x0
                0x0000000008003da8                . = ALIGN (0x4)
                0x0000000008003da8                PROVIDE (__preinit_array_start = .)
 *(.preinit_array*)
                0x0000000008003da8                PROVIDE (__preinit_array_end = .)
                0x0000000008003da8                . = ALIGN (0x4)

.init_array     0x0000000008003da8        0x4
                0x0000000008003da8                . = ALIGN (0x4)
                0x0000000008003da8                PROVIDE (__init_array_start = .)
 *(SORT_BY_NAME(.init_array.*))
 *(.init_array*)
 .init_array    0x0000000008003da8        0x4 c:/users/lars/.eclipse/com.st.stm32cube.ide.mcu.rcp.product_1.10.1_466352628_win32_win32_x86_64/plugins/com.st.stm32cube.ide.mcu.externaltools.gnu-tools-for-stm32.10.3-2021.10.win32_1.0.100.202210260954/tools/bin/../lib/gcc/arm-none-eabi/10.3.1/thumb/v7e-m+fp/hard/crtbegin.o
                0x0000000008003dac                PROVIDE (__init_array_end = .)
                0x0000000008003dac                . = ALIGN (0x4)

.fini_array     0x0000000008003dac        0x4
                0x0000000008003dac                . = ALIGN (0x4)
                [!provide]                        PROVIDE (__fini_array_start = .)
 *(SORT_BY_NAME(.fini_array.*))
 *(.fini_array*)
 .fini_array    0x0000000008003dac        0x4 c:/users/lars/.eclipse/com.st.stm32cube.ide.mcu.rcp.product_1.10.1_466352628_win32_win32_x86_64/plugins/com.st.stm32cube.ide.mcu.externaltools.gnu-tools-for-stm32.10.3-2021.10.win32_1.0.100.202210260954/tools/bin/../lib/gcc/arm-none-eabi/10.3.1/thumb/v7e-m+fp/hard/crtbegin.o
                [!provide]                        PROVIDE (__fini_array_end = .)
                0x0000000008003db0                . = ALIGN (0x4)
                0x0000000008003db0                _sidata = LOADADDR (.data)

.data           0x0000000020000000       0x14 load address 0x0000000008003db0
                0x0000000020000000                . = ALIGN (0x4)
                0x0000000020000000                _sdata = .
 *(.data)
 *(.data*)
 .data.Font_11x18
                0x0000000020000000        0x8 ./Core/Src/fonts.o
                0x0000000020000000                Font_11x18
 .data.SystemCoreClock
                0x0000000020000008        0x4 ./Core/Src/system_stm32f4xx.o
                0x0000000020000008                SystemCoreClock
 .data.uwTickPrio
                0x000000002000000c        0x4 ./Drivers/STM32F4xx_HAL_Driver/Src/stm32f4xx_hal.o
                0x000000002000000c                uwTickPrio
 .data.uwTickFreq
                0x0000000020000010        0x1 ./Drivers/STM32F4xx_HAL_Driver/Src/stm32f4xx_hal.o
                0x0000000020000010                uwTickFreq
 *(.RamFunc)
 *(.RamFunc*)
                0x0000000020000014                . = ALIGN (0x4)
 *fill*         0x0000000020000011        0x3 
                0x0000000020000014                _edata = .

.igot.plt       0x0000000020000014        0x0 load address 0x0000000008003dc4
 .igot.plt      0x0000000020000014        0x0 c:/users/lars/.eclipse/com.st.stm32cube.ide.mcu.rcp.product_1.10.1_466352628_win32_win32_x86_64/plugins/com.st.stm32cube.ide.mcu.externaltools.gnu-tools-for-stm32.10.3-2021.10.win32_1.0.100.202210260954/tools/bin/../lib/gcc/arm-none-eabi/10.3.1/thumb/v7e-m+fp/hard/crtbegin.o
                0x0000000020000014                . = ALIGN (0x4)

.bss            0x0000000020000014      0x4b8 load address 0x0000000008003dc4
                0x0000000020000014                _sbss = .
                0x0000000020000014                __bss_start__ = _sbss
 *(.bss)
 .bss           0x0000000020000014       0x1c c:/users/lars/.eclipse/com.st.stm32cube.ide.mcu.rcp.product_1.10.1_466352628_win32_win32_x86_64/plugins/com.st.stm32cube.ide.mcu.externaltools.gnu-tools-for-stm32.10.3-2021.10.win32_1.0.100.202210260954/tools/bin/../lib/gcc/arm-none-eabi/10.3.1/thumb/v7e-m+fp/hard/crtbegin.o
 *(.bss*)
 .bss._ZL14SSD1306_Buffer
                0x0000000020000030      0x400 ./Core/Src/SSD1306.o
 .bss.hi2c1     0x0000000020000430       0x54 ./Core/Src/main.o
                0x0000000020000430                hi2c1
 .bss.huart2    0x0000000020000484       0x44 ./Core/Src/main.o
                0x0000000020000484                huart2
 .bss.uwTick    0x00000000200004c8        0x4 ./Drivers/STM32F4xx_HAL_Driver/Src/stm32f4xx_hal.o
                0x00000000200004c8                uwTick
 *(COMMON)
                0x00000000200004cc                . = ALIGN (0x4)
                0x00000000200004cc                _ebss = .
                0x00000000200004cc                __bss_end__ = _ebss

._user_heap_stack
                0x00000000200004cc      0x604 load address 0x0000000008003dc4
                0x00000000200004d0                . = ALIGN (0x8)
 *fill*         0x00000000200004cc        0x4 
                [!provide]                        PROVIDE (end = .)
                0x00000000200004d0                PROVIDE (_end = .)
                0x00000000200006d0                . = (. + _Min_Heap_Size)
 *fill*         0x00000000200004d0      0x200 
                0x0000000020000ad0                . = (. + _Min_Stack_Size)
 *fill*         0x00000000200006d0      0x400 
                0x0000000020000ad0                . = ALIGN (0x8)

/DISCARD/
 libc.a(*)
 libm.a(*)
 libgcc.a(*)

.ARM.attributes
                0x0000000000000000       0x30
 *(.ARM.attributes)
 .ARM.attributes
                0x0000000000000000       0x1e c:/users/lars/.eclipse/com.st.stm32cube.ide.mcu.rcp.product_1.10.1_466352628_win32_win32_x86_64/plugins/com.st.stm32cube.ide.mcu.externaltools.gnu-tools-for-stm32.10.3-2021.10.win32_1.0.100.202210260954/tools/bin/../lib/gcc/arm-none-eabi/10.3.1/thumb/v7e-m+fp/hard/crti.o
 .ARM.attributes
                0x000000000000001e       0x34 c:/users/lars/.eclipse/com.st.stm32cube.ide.mcu.rcp.product_1.10.1_466352628_win32_win32_x86_64/plugins/com.st.stm32cube.ide.mcu.externaltools.gnu-tools-for-stm32.10.3-2021.10.win32_1.0.100.202210260954/tools/bin/../lib/gcc/arm-none-eabi/10.3.1/thumb/v7e-m+fp/hard/crtbegin.o
 .ARM.attributes
                0x0000000000000052       0x34 ./Core/Src/SSD1306.o
 .ARM.attributes
                0x0000000000000086       0x34 ./Core/Src/SSD1306I2C.o
 .ARM.attributes
                0x00000000000000ba       0x34 ./Core/Src/fonts.o
 .ARM.attributes
                0x00000000000000ee       0x34 ./Core/Src/main.o
 .ARM.attributes
                0x0000000000000122       0x34 ./Core/Src/stm32f4xx_hal_msp.o
 .ARM.attributes
                0x0000000000000156       0x34 ./Core/Src/stm32f4xx_it.o
 .ARM.attributes
                0x000000000000018a       0x34 ./Core/Src/system_stm32f4xx.o
 .ARM.attributes
                0x00000000000001be       0x21 ./Core/Startup/startup_stm32f411retx.o
 .ARM.attributes
                0x00000000000001df       0x34 ./Drivers/STM32F4xx_HAL_Driver/Src/stm32f4xx_hal.o
 .ARM.attributes
                0x0000000000000213       0x34 ./Drivers/STM32F4xx_HAL_Driver/Src/stm32f4xx_hal_cortex.o
 .ARM.attributes
                0x0000000000000247       0x34 ./Drivers/STM32F4xx_HAL_Driver/Src/stm32f4xx_hal_gpio.o
 .ARM.attributes
                0x000000000000027b       0x34 ./Drivers/STM32F4xx_HAL_Driver/Src/stm32f4xx_hal_i2c.o
 .ARM.attributes
                0x00000000000002af       0x34 ./Drivers/STM32F4xx_HAL_Driver/Src/stm32f4xx_hal_rcc.o
 .ARM.attributes
                0x00000000000002e3       0x34 ./Drivers/STM32F4xx_HAL_Driver/Src/stm32f4xx_hal_uart.o
 .ARM.attributes
                0x0000000000000317       0x34 c:/users/lars/.eclipse/com.st.stm32cube.ide.mcu.rcp.product_1.10.1_466352628_win32_win32_x86_64/plugins/com.st.stm32cube.ide.mcu.externaltools.gnu-tools-for-stm32.10.3-2021.10.win32_1.0.100.202210260954/tools/bin/../lib/gcc/arm-none-eabi/10.3.1/../../../../arm-none-eabi/lib/thumb/v7e-m+fp/hard\libc_nano.a(lib_a-init.o)
 .ARM.attributes
                0x000000000000034b       0x34 c:/users/lars/.eclipse/com.st.stm32cube.ide.mcu.rcp.product_1.10.1_466352628_win32_win32_x86_64/plugins/com.st.stm32cube.ide.mcu.externaltools.gnu-tools-for-stm32.10.3-2021.10.win32_1.0.100.202210260954/tools/bin/../lib/gcc/arm-none-eabi/10.3.1/../../../../arm-none-eabi/lib/thumb/v7e-m+fp/hard\libc_nano.a(lib_a-memset.o)
 .ARM.attributes
                0x000000000000037f       0x1e c:/users/lars/.eclipse/com.st.stm32cube.ide.mcu.rcp.product_1.10.1_466352628_win32_win32_x86_64/plugins/com.st.stm32cube.ide.mcu.externaltools.gnu-tools-for-stm32.10.3-2021.10.win32_1.0.100.202210260954/tools/bin/../lib/gcc/arm-none-eabi/10.3.1/thumb/v7e-m+fp/hard\libgcc.a(_aeabi_uldivmod.o)
 .ARM.attributes
                0x000000000000039d       0x34 c:/users/lars/.eclipse/com.st.stm32cube.ide.mcu.rcp.product_1.10.1_466352628_win32_win32_x86_64/plugins/com.st.stm32cube.ide.mcu.externaltools.gnu-tools-for-stm32.10.3-2021.10.win32_1.0.100.202210260954/tools/bin/../lib/gcc/arm-none-eabi/10.3.1/thumb/v7e-m+fp/hard\libgcc.a(_udivmoddi4.o)
 .ARM.attributes
                0x00000000000003d1       0x1e c:/users/lars/.eclipse/com.st.stm32cube.ide.mcu.rcp.product_1.10.1_466352628_win32_win32_x86_64/plugins/com.st.stm32cube.ide.mcu.externaltools.gnu-tools-for-stm32.10.3-2021.10.win32_1.0.100.202210260954/tools/bin/../lib/gcc/arm-none-eabi/10.3.1/thumb/v7e-m+fp/hard\libgcc.a(_dvmd_tls.o)
 .ARM.attributes
                0x00000000000003ef       0x1e c:/users/lars/.eclipse/com.st.stm32cube.ide.mcu.rcp.product_1.10.1_466352628_win32_win32_x86_64/plugins/com.st.stm32cube.ide.mcu.externaltools.gnu-tools-for-stm32.10.3-2021.10.win32_1.0.100.202210260954/tools/bin/../lib/gcc/arm-none-eabi/10.3.1/thumb/v7e-m+fp/hard/crtn.o
OUTPUT(OLED_SSD1306_STMF4_Cpp.elf elf32-littlearm)
LOAD linker stubs
LOAD c:/users/lars/.eclipse/com.st.stm32cube.ide.mcu.rcp.product_1.10.1_466352628_win32_win32_x86_64/plugins/com.st.stm32cube.ide.mcu.externaltools.gnu-tools-for-stm32.10.3-2021.10.win32_1.0.100.202210260954/tools/bin/../lib/gcc/arm-none-eabi/10.3.1/../../../../arm-none-eabi/lib/thumb/v7e-m+fp/hard\libc.a
LOAD c:/users/lars/.eclipse/com.st.stm32cube.ide.mcu.rcp.product_1.10.1_466352628_win32_win32_x86_64/plugins/com.st.stm32cube.ide.mcu.externaltools.gnu-tools-for-stm32.10.3-2021.10.win32_1.0.100.202210260954/tools/bin/../lib/gcc/arm-none-eabi/10.3.1/../../../../arm-none-eabi/lib/thumb/v7e-m+fp/hard\libm.a
LOAD c:/users/lars/.eclipse/com.st.stm32cube.ide.mcu.rcp.product_1.10.1_466352628_win32_win32_x86_64/plugins/com.st.stm32cube.ide.mcu.externaltools.gnu-tools-for-stm32.10.3-2021.10.win32_1.0.100.202210260954/tools/bin/../lib/gcc/arm-none-eabi/10.3.1/thumb/v7e-m+fp/hard\libgcc.a

.debug_info     0x0000000000000000     0xbde4
 .debug_info    0x0000000000000000      0xc7a ./Core/Src/SSD1306.o
 .debug_info    0x0000000000000c7a      0x893 ./Core/Src/SSD1306I2C.o
 .debug_info    0x000000000000150d      0x27a ./Core/Src/fonts.o
 .debug_info    0x0000000000001787     0x1368 ./Core/Src/main.o
 .debug_info    0x0000000000002aef      0xced ./Core/Src/stm32f4xx_hal_msp.o
 .debug_info    0x00000000000037dc      0x121 ./Core/Src/stm32f4xx_it.o
 .debug_info    0x00000000000038fd      0x54f ./Core/Src/system_stm32f4xx.o
 .debug_info    0x0000000000003e4c       0x22 ./Core/Startup/startup_stm32f411retx.o
 .debug_info    0x0000000000003e6e      0x90d ./Drivers/STM32F4xx_HAL_Driver/Src/stm32f4xx_hal.o
 .debug_info    0x000000000000477b      0xd8b ./Drivers/STM32F4xx_HAL_Driver/Src/stm32f4xx_hal_cortex.o
 .debug_info    0x0000000000005506      0x78e ./Drivers/STM32F4xx_HAL_Driver/Src/stm32f4xx_hal_gpio.o
 .debug_info    0x0000000000005c94     0x260f ./Drivers/STM32F4xx_HAL_Driver/Src/stm32f4xx_hal_i2c.o
 .debug_info    0x00000000000082a3      0x98d ./Drivers/STM32F4xx_HAL_Driver/Src/stm32f4xx_hal_rcc.o
 .debug_info    0x0000000000008c30     0x31b4 ./Drivers/STM32F4xx_HAL_Driver/Src/stm32f4xx_hal_uart.o

.debug_abbrev   0x0000000000000000     0x1c5a
 .debug_abbrev  0x0000000000000000      0x2d8 ./Core/Src/SSD1306.o
 .debug_abbrev  0x00000000000002d8      0x27f ./Core/Src/SSD1306I2C.o
 .debug_abbrev  0x0000000000000557      0x111 ./Core/Src/fonts.o
 .debug_abbrev  0x0000000000000668      0x337 ./Core/Src/main.o
 .debug_abbrev  0x000000000000099f      0x1b0 ./Core/Src/stm32f4xx_hal_msp.o
 .debug_abbrev  0x0000000000000b4f       0x74 ./Core/Src/stm32f4xx_it.o
 .debug_abbrev  0x0000000000000bc3      0x116 ./Core/Src/system_stm32f4xx.o
 .debug_abbrev  0x0000000000000cd9       0x12 ./Core/Startup/startup_stm32f411retx.o
 .debug_abbrev  0x0000000000000ceb      0x23e ./Drivers/STM32F4xx_HAL_Driver/Src/stm32f4xx_hal.o
 .debug_abbrev  0x0000000000000f29      0x316 ./Drivers/STM32F4xx_HAL_Driver/Src/stm32f4xx_hal_cortex.o
 .debug_abbrev  0x000000000000123f      0x1c4 ./Drivers/STM32F4xx_HAL_Driver/Src/stm32f4xx_hal_gpio.o
 .debug_abbrev  0x0000000000001403      0x2a8 ./Drivers/STM32F4xx_HAL_Driver/Src/stm32f4xx_hal_i2c.o
 .debug_abbrev  0x00000000000016ab      0x2aa ./Drivers/STM32F4xx_HAL_Driver/Src/stm32f4xx_hal_rcc.o
 .debug_abbrev  0x0000000000001955      0x305 ./Drivers/STM32F4xx_HAL_Driver/Src/stm32f4xx_hal_uart.o

.debug_aranges  0x0000000000000000      0x968
 .debug_aranges
                0x0000000000000000       0x58 ./Core/Src/SSD1306.o
 .debug_aranges
                0x0000000000000058       0x30 ./Core/Src/SSD1306I2C.o
 .debug_aranges
                0x0000000000000088       0x20 ./Core/Src/fonts.o
 .debug_aranges
                0x00000000000000a8       0x48 ./Core/Src/main.o
 .debug_aranges
                0x00000000000000f0       0x40 ./Core/Src/stm32f4xx_hal_msp.o
 .debug_aranges
                0x0000000000000130       0x60 ./Core/Src/stm32f4xx_it.o
 .debug_aranges
                0x0000000000000190       0x28 ./Core/Src/system_stm32f4xx.o
 .debug_aranges
                0x00000000000001b8       0x28 ./Core/Startup/startup_stm32f411retx.o
 .debug_aranges
                0x00000000000001e0       0xf0 ./Drivers/STM32F4xx_HAL_Driver/Src/stm32f4xx_hal.o
 .debug_aranges
                0x00000000000002d0      0x118 ./Drivers/STM32F4xx_HAL_Driver/Src/stm32f4xx_hal_cortex.o
 .debug_aranges
                0x00000000000003e8       0x58 ./Drivers/STM32F4xx_HAL_Driver/Src/stm32f4xx_hal_gpio.o
 .debug_aranges
                0x0000000000000440      0x2a0 ./Drivers/STM32F4xx_HAL_Driver/Src/stm32f4xx_hal_i2c.o
 .debug_aranges
                0x00000000000006e0       0x88 ./Drivers/STM32F4xx_HAL_Driver/Src/stm32f4xx_hal_rcc.o
 .debug_aranges
                0x0000000000000768      0x200 ./Drivers/STM32F4xx_HAL_Driver/Src/stm32f4xx_hal_uart.o

.debug_ranges   0x0000000000000000      0x8d8
 .debug_ranges  0x0000000000000000       0x48 ./Core/Src/SSD1306.o
 .debug_ranges  0x0000000000000048       0x20 ./Core/Src/SSD1306I2C.o
 .debug_ranges  0x0000000000000068       0x10 ./Core/Src/fonts.o
 .debug_ranges  0x0000000000000078       0x38 ./Core/Src/main.o
 .debug_ranges  0x00000000000000b0       0x30 ./Core/Src/stm32f4xx_hal_msp.o
 .debug_ranges  0x00000000000000e0       0x50 ./Core/Src/stm32f4xx_it.o
 .debug_ranges  0x0000000000000130       0x18 ./Core/Src/system_stm32f4xx.o
 .debug_ranges  0x0000000000000148       0x20 ./Core/Startup/startup_stm32f411retx.o
 .debug_ranges  0x0000000000000168       0xe0 ./Drivers/STM32F4xx_HAL_Driver/Src/stm32f4xx_hal.o
 .debug_ranges  0x0000000000000248      0x108 ./Drivers/STM32F4xx_HAL_Driver/Src/stm32f4xx_hal_cortex.o
 .debug_ranges  0x0000000000000350       0x48 ./Drivers/STM32F4xx_HAL_Driver/Src/stm32f4xx_hal_gpio.o
 .debug_ranges  0x0000000000000398      0x2a8 ./Drivers/STM32F4xx_HAL_Driver/Src/stm32f4xx_hal_i2c.o
 .debug_ranges  0x0000000000000640       0x78 ./Drivers/STM32F4xx_HAL_Driver/Src/stm32f4xx_hal_rcc.o
 .debug_ranges  0x00000000000006b8      0x220 ./Drivers/STM32F4xx_HAL_Driver/Src/stm32f4xx_hal_uart.o

.debug_macro    0x0000000000000000    0x17e9d
 .debug_macro   0x0000000000000000      0x2c9 ./Core/Src/SSD1306.o
 .debug_macro   0x00000000000002c9      0xb50 ./Core/Src/SSD1306.o
 .debug_macro   0x0000000000000e19      0x29b ./Core/Src/SSD1306.o
 .debug_macro   0x00000000000010b4       0x2e ./Core/Src/SSD1306.o
 .debug_macro   0x00000000000010e2       0x28 ./Core/Src/SSD1306.o
 .debug_macro   0x000000000000110a       0x1c ./Core/Src/SSD1306.o
 .debug_macro   0x0000000000001126       0x22 ./Core/Src/SSD1306.o
 .debug_macro   0x0000000000001148       0x8e ./Core/Src/SSD1306.o
 .debug_macro   0x00000000000011d6       0x51 ./Core/Src/SSD1306.o
 .debug_macro   0x0000000000001227      0x103 ./Core/Src/SSD1306.o
 .debug_macro   0x000000000000132a       0x6a ./Core/Src/SSD1306.o
 .debug_macro   0x0000000000001394      0x1df ./Core/Src/SSD1306.o
 .debug_macro   0x0000000000001573       0x1c ./Core/Src/SSD1306.o
 .debug_macro   0x000000000000158f       0x22 ./Core/Src/SSD1306.o
 .debug_macro   0x00000000000015b1       0xd9 ./Core/Src/SSD1306.o
 .debug_macro   0x000000000000168a     0x102d ./Core/Src/SSD1306.o
 .debug_macro   0x00000000000026b7      0x11f ./Core/Src/SSD1306.o
 .debug_macro   0x00000000000027d6     0xb953 ./Core/Src/SSD1306.o
 .debug_macro   0x000000000000e129       0x6d ./Core/Src/SSD1306.o
 .debug_macro   0x000000000000e196     0x367e ./Core/Src/SSD1306.o
 .debug_macro   0x0000000000011814      0x17b ./Core/Src/SSD1306.o
 .debug_macro   0x000000000001198f       0x5c ./Core/Src/SSD1306.o
 .debug_macro   0x00000000000119eb      0x447 ./Core/Src/SSD1306.o
 .debug_macro   0x0000000000011e32      0x9fe ./Core/Src/SSD1306.o
 .debug_macro   0x0000000000012830      0x115 ./Core/Src/SSD1306.o
 .debug_macro   0x0000000000012945      0x11b ./Core/Src/SSD1306.o
 .debug_macro   0x0000000000012a60       0xa5 ./Core/Src/SSD1306.o
 .debug_macro   0x0000000000012b05      0x15f ./Core/Src/SSD1306.o
 .debug_macro   0x0000000000012c64      0x287 ./Core/Src/SSD1306.o
 .debug_macro   0x0000000000012eeb       0x5f ./Core/Src/SSD1306.o
 .debug_macro   0x0000000000012f4a      0x236 ./Core/Src/SSD1306.o
 .debug_macro   0x0000000000013180      0x132 ./Core/Src/SSD1306.o
 .debug_macro   0x00000000000132b2      0x264 ./Core/Src/SSD1306.o
 .debug_macro   0x0000000000013516       0x2e ./Core/Src/SSD1306.o
 .debug_macro   0x0000000000013544      0x1b5 ./Core/Src/SSD1306.o
 .debug_macro   0x00000000000136f9       0x22 ./Core/Src/SSD1306.o
 .debug_macro   0x000000000001371b       0xd6 ./Core/Src/SSD1306.o
 .debug_macro   0x00000000000137f1      0x11a ./Core/Src/SSD1306.o
 .debug_macro   0x000000000001390b       0x85 ./Core/Src/SSD1306.o
 .debug_macro   0x0000000000013990       0x89 ./Core/Src/SSD1306.o
 .debug_macro   0x0000000000013a19      0x295 ./Core/Src/SSD1306.o
 .debug_macro   0x0000000000013cae      0x126 ./Core/Src/SSD1306.o
 .debug_macro   0x0000000000013dd4       0x52 ./Core/Src/SSD1306.o
 .debug_macro   0x0000000000013e26       0x1e ./Core/Src/SSD1306.o
 .debug_macro   0x0000000000013e44       0x3c ./Core/Src/SSD1306.o
 .debug_macro   0x0000000000013e80       0x34 ./Core/Src/SSD1306.o
 .debug_macro   0x0000000000013eb4       0x16 ./Core/Src/SSD1306.o
 .debug_macro   0x0000000000013eca       0x43 ./Core/Src/SSD1306.o
 .debug_macro   0x0000000000013f0d       0x34 ./Core/Src/SSD1306.o
 .debug_macro   0x0000000000013f41       0x10 ./Core/Src/SSD1306.o
 .debug_macro   0x0000000000013f51       0x58 ./Core/Src/SSD1306.o
 .debug_macro   0x0000000000013fa9       0x71 ./Core/Src/SSD1306.o
 .debug_macro   0x000000000001401a       0x16 ./Core/Src/SSD1306.o
 .debug_macro   0x0000000000014030      0x12a ./Core/Src/SSD1306.o
 .debug_macro   0x000000000001415a      0x364 ./Core/Src/SSD1306.o
 .debug_macro   0x00000000000144be       0x10 ./Core/Src/SSD1306.o
 .debug_macro   0x00000000000144ce       0x35 ./Core/Src/SSD1306.o
 .debug_macro   0x0000000000014503       0x20 ./Core/Src/SSD1306.o
 .debug_macro   0x0000000000014523       0x16 ./Core/Src/SSD1306.o
 .debug_macro   0x0000000000014539      0x1e2 ./Core/Src/SSD1306I2C.o
 .debug_macro   0x000000000001471b      0x2ab ./Core/Src/fonts.o
 .debug_macro   0x00000000000149c6      0xa78 ./Core/Src/fonts.o
 .debug_macro   0x000000000001543e     0x102d ./Core/Src/fonts.o
 .debug_macro   0x000000000001646b      0x174 ./Core/Src/fonts.o
 .debug_macro   0x00000000000165df       0x34 ./Core/Src/fonts.o
 .debug_macro   0x0000000000016613       0x43 ./Core/Src/fonts.o
 .debug_macro   0x0000000000016656       0x1c ./Core/Src/fonts.o
 .debug_macro   0x0000000000016672      0x341 ./Core/Src/fonts.o
 .debug_macro   0x00000000000169b3       0x35 ./Core/Src/fonts.o
 .debug_macro   0x00000000000169e8      0x2dc ./Core/Src/main.o
 .debug_macro   0x0000000000016cc4       0x58 ./Core/Src/main.o
 .debug_macro   0x0000000000016d1c       0x1c ./Core/Src/main.o
 .debug_macro   0x0000000000016d38      0x1e2 ./Core/Src/stm32f4xx_hal_msp.o
 .debug_macro   0x0000000000016f1a      0x1ec ./Core/Src/stm32f4xx_it.o
 .debug_macro   0x0000000000017106      0x1d3 ./Core/Src/system_stm32f4xx.o
 .debug_macro   0x00000000000172d9      0x233 ./Drivers/STM32F4xx_HAL_Driver/Src/stm32f4xx_hal.o
 .debug_macro   0x000000000001750c      0x1d3 ./Drivers/STM32F4xx_HAL_Driver/Src/stm32f4xx_hal_cortex.o
 .debug_macro   0x00000000000176df      0x1d9 ./Drivers/STM32F4xx_HAL_Driver/Src/stm32f4xx_hal_gpio.o
 .debug_macro   0x00000000000178b8      0x21a ./Drivers/STM32F4xx_HAL_Driver/Src/stm32f4xx_hal_i2c.o
 .debug_macro   0x0000000000017ad2      0x1f7 ./Drivers/STM32F4xx_HAL_Driver/Src/stm32f4xx_hal_rcc.o
 .debug_macro   0x0000000000017cc9      0x1d4 ./Drivers/STM32F4xx_HAL_Driver/Src/stm32f4xx_hal_uart.o

.debug_line     0x0000000000000000     0xdfd4
 .debug_line    0x0000000000000000      0xc1d ./Core/Src/SSD1306.o
 .debug_line    0x0000000000000c1d      0x8c5 ./Core/Src/SSD1306I2C.o
 .debug_line    0x00000000000014e2      0x9dd ./Core/Src/fonts.o
 .debug_line    0x0000000000001ebf      0xb51 ./Core/Src/main.o
 .debug_line    0x0000000000002a10      0x8da ./Core/Src/stm32f4xx_hal_msp.o
 .debug_line    0x00000000000032ea      0x901 ./Core/Src/stm32f4xx_it.o
 .debug_line    0x0000000000003beb      0x8c0 ./Core/Src/system_stm32f4xx.o
 .debug_line    0x00000000000044ab       0x88 ./Core/Startup/startup_stm32f411retx.o
 .debug_line    0x0000000000004533      0xb26 ./Drivers/STM32F4xx_HAL_Driver/Src/stm32f4xx_hal.o
 .debug_line    0x0000000000005059      0xdd5 ./Drivers/STM32F4xx_HAL_Driver/Src/stm32f4xx_hal_cortex.o
 .debug_line    0x0000000000005e2e      0xc5e ./Drivers/STM32F4xx_HAL_Driver/Src/stm32f4xx_hal_gpio.o
 .debug_line    0x0000000000006a8c     0x3adb ./Drivers/STM32F4xx_HAL_Driver/Src/stm32f4xx_hal_i2c.o
 .debug_line    0x000000000000a567      0xea2 ./Drivers/STM32F4xx_HAL_Driver/Src/stm32f4xx_hal_rcc.o
 .debug_line    0x000000000000b409     0x2bcb ./Drivers/STM32F4xx_HAL_Driver/Src/stm32f4xx_hal_uart.o

.debug_str      0x0000000000000000    0x87994
 .debug_str     0x0000000000000000    0x84c12 ./Core/Src/SSD1306.o
                                      0x8503b (size before relaxing)
 .debug_str     0x0000000000084c12       0x39 ./Core/Src/SSD1306I2C.o
                                      0x81de2 (size before relaxing)
 .debug_str     0x0000000000084c4b      0x34e ./Core/Src/fonts.o
                                      0x84158 (size before relaxing)
 .debug_str     0x0000000000084f99      0x6e0 ./Core/Src/main.o
                                      0x8577b (size before relaxing)
 .debug_str     0x0000000000085679       0xaa ./Core/Src/stm32f4xx_hal_msp.o
                                      0x81c6c (size before relaxing)
 .debug_str     0x0000000000085723       0xc9 ./Core/Src/stm32f4xx_it.o
                                      0x8142f (size before relaxing)
 .debug_str     0x00000000000857ec       0xdb ./Core/Src/system_stm32f4xx.o
                                      0x81445 (size before relaxing)
 .debug_str     0x00000000000858c7       0x36 ./Core/Startup/startup_stm32f411retx.o
                                         0x81 (size before relaxing)
 .debug_str     0x00000000000858fd      0x937 ./Drivers/STM32F4xx_HAL_Driver/Src/stm32f4xx_hal.o
                                      0x81e71 (size before relaxing)
 .debug_str     0x0000000000086234      0x354 ./Drivers/STM32F4xx_HAL_Driver/Src/stm32f4xx_hal_cortex.o
                                      0x81b92 (size before relaxing)
 .debug_str     0x0000000000086588      0x121 ./Drivers/STM32F4xx_HAL_Driver/Src/stm32f4xx_hal_gpio.o
                                      0x815c0 (size before relaxing)
 .debug_str     0x00000000000866a9      0xad6 ./Drivers/STM32F4xx_HAL_Driver/Src/stm32f4xx_hal_i2c.o
                                      0x82403 (size before relaxing)
 .debug_str     0x000000000008717f      0x213 ./Drivers/STM32F4xx_HAL_Driver/Src/stm32f4xx_hal_rcc.o
                                      0x81879 (size before relaxing)
 .debug_str     0x0000000000087392      0x602 ./Drivers/STM32F4xx_HAL_Driver/Src/stm32f4xx_hal_uart.o
                                      0x81e06 (size before relaxing)

.comment        0x0000000000000000       0x50
 .comment       0x0000000000000000       0x50 ./Core/Src/SSD1306.o
                                         0x51 (size before relaxing)
 .comment       0x0000000000000050       0x51 ./Core/Src/SSD1306I2C.o
 .comment       0x0000000000000050       0x51 ./Core/Src/fonts.o
 .comment       0x0000000000000050       0x51 ./Core/Src/main.o
 .comment       0x0000000000000050       0x51 ./Core/Src/stm32f4xx_hal_msp.o
 .comment       0x0000000000000050       0x51 ./Core/Src/stm32f4xx_it.o
 .comment       0x0000000000000050       0x51 ./Core/Src/system_stm32f4xx.o
 .comment       0x0000000000000050       0x51 ./Drivers/STM32F4xx_HAL_Driver/Src/stm32f4xx_hal.o
 .comment       0x0000000000000050       0x51 ./Drivers/STM32F4xx_HAL_Driver/Src/stm32f4xx_hal_cortex.o
 .comment       0x0000000000000050       0x51 ./Drivers/STM32F4xx_HAL_Driver/Src/stm32f4xx_hal_gpio.o
 .comment       0x0000000000000050       0x51 ./Drivers/STM32F4xx_HAL_Driver/Src/stm32f4xx_hal_i2c.o
 .comment       0x0000000000000050       0x51 ./Drivers/STM32F4xx_HAL_Driver/Src/stm32f4xx_hal_rcc.o
 .comment       0x0000000000000050       0x51 ./Drivers/STM32F4xx_HAL_Driver/Src/stm32f4xx_hal_uart.o

.debug_frame    0x0000000000000000     0x2660
 .debug_frame   0x0000000000000000      0x138 ./Core/Src/SSD1306.o
 .debug_frame   0x0000000000000138       0x88 ./Core/Src/SSD1306I2C.o
 .debug_frame   0x00000000000001c0       0x38 ./Core/Src/fonts.o
 .debug_frame   0x00000000000001f8       0xc8 ./Core/Src/main.o
 .debug_frame   0x00000000000002c0       0xc4 ./Core/Src/stm32f4xx_hal_msp.o
 .debug_frame   0x0000000000000384      0x104 ./Core/Src/stm32f4xx_it.o
 .debug_frame   0x0000000000000488       0x58 ./Core/Src/system_stm32f4xx.o
 .debug_frame   0x00000000000004e0      0x374 ./Drivers/STM32F4xx_HAL_Driver/Src/stm32f4xx_hal.o
 .debug_frame   0x0000000000000854      0x498 ./Drivers/STM32F4xx_HAL_Driver/Src/stm32f4xx_hal_cortex.o
 .debug_frame   0x0000000000000cec      0x14c ./Drivers/STM32F4xx_HAL_Driver/Src/stm32f4xx_hal_gpio.o
 .debug_frame   0x0000000000000e38      0xc5c ./Drivers/STM32F4xx_HAL_Driver/Src/stm32f4xx_hal_i2c.o
 .debug_frame   0x0000000000001a94      0x1f4 ./Drivers/STM32F4xx_HAL_Driver/Src/stm32f4xx_hal_rcc.o
 .debug_frame   0x0000000000001c88      0x92c ./Drivers/STM32F4xx_HAL_Driver/Src/stm32f4xx_hal_uart.o
 .debug_frame   0x00000000000025b4       0x2c c:/users/lars/.eclipse/com.st.stm32cube.ide.mcu.rcp.product_1.10.1_466352628_win32_win32_x86_64/plugins/com.st.stm32cube.ide.mcu.externaltools.gnu-tools-for-stm32.10.3-2021.10.win32_1.0.100.202210260954/tools/bin/../lib/gcc/arm-none-eabi/10.3.1/../../../../arm-none-eabi/lib/thumb/v7e-m+fp/hard\libc_nano.a(lib_a-init.o)
 .debug_frame   0x00000000000025e0       0x20 c:/users/lars/.eclipse/com.st.stm32cube.ide.mcu.rcp.product_1.10.1_466352628_win32_win32_x86_64/plugins/com.st.stm32cube.ide.mcu.externaltools.gnu-tools-for-stm32.10.3-2021.10.win32_1.0.100.202210260954/tools/bin/../lib/gcc/arm-none-eabi/10.3.1/../../../../arm-none-eabi/lib/thumb/v7e-m+fp/hard\libc_nano.a(lib_a-memset.o)
 .debug_frame   0x0000000000002600       0x2c c:/users/lars/.eclipse/com.st.stm32cube.ide.mcu.rcp.product_1.10.1_466352628_win32_win32_x86_64/plugins/com.st.stm32cube.ide.mcu.externaltools.gnu-tools-for-stm32.10.3-2021.10.win32_1.0.100.202210260954/tools/bin/../lib/gcc/arm-none-eabi/10.3.1/thumb/v7e-m+fp/hard\libgcc.a(_aeabi_uldivmod.o)
 .debug_frame   0x000000000000262c       0x34 c:/users/lars/.eclipse/com.st.stm32cube.ide.mcu.rcp.product_1.10.1_466352628_win32_win32_x86_64/plugins/com.st.stm32cube.ide.mcu.externaltools.gnu-tools-for-stm32.10.3-2021.10.win32_1.0.100.202210260954/tools/bin/../lib/gcc/arm-none-eabi/10.3.1/thumb/v7e-m+fp/hard\libgcc.a(_udivmoddi4.o)
